// Jest Snapshot v1, https://goo.gl/fbAQLP

exports[`Testing component Counter should render corretly 1`] = `
<div
  className="counter"
>
  <h2>
     vocÃª tem 
    12
     counters.
  </h2>
</div>
`;
