// Jest Snapshot v1, https://goo.gl/fbAQLP

exports[`Testing component Movie should render corretly 1`] = `
<ForwardRef(styled.div)
  className="ds-movie__list"
/>
`;
